// Jest Snapshot v1, https://goo.gl/fbAQLP

exports[`<SignIntoAccount /> renders without crashing 1`] = `
<Mutation
  mutation={
    Object {
      "definitions": Array [
        Object {
          "directives": Array [],
          "kind": "OperationDefinition",
          "name": Object {
            "kind": "Name",
            "value": "SIGNIN_MUTATION",
          },
          "operation": "mutation",
          "selectionSet": Object {
            "kind": "SelectionSet",
            "selections": Array [
              Object {
                "alias": undefined,
                "arguments": Array [
                  Object {
                    "kind": "Argument",
                    "name": Object {
                      "kind": "Name",
                      "value": "username",
                    },
                    "value": Object {
                      "kind": "Variable",
                      "name": Object {
                        "kind": "Name",
                        "value": "username",
                      },
                    },
                  },
                  Object {
                    "kind": "Argument",
                    "name": Object {
                      "kind": "Name",
                      "value": "password",
                    },
                    "value": Object {
                      "kind": "Variable",
                      "name": Object {
                        "kind": "Name",
                        "value": "password",
                      },
                    },
                  },
                ],
                "directives": Array [],
                "kind": "Field",
                "name": Object {
                  "kind": "Name",
                  "value": "signInUser",
                },
                "selectionSet": Object {
                  "kind": "SelectionSet",
                  "selections": Array [
                    Object {
                      "alias": undefined,
                      "arguments": Array [],
                      "directives": Array [],
                      "kind": "Field",
                      "name": Object {
                        "kind": "Name",
                        "value": "username",
                      },
                      "selectionSet": undefined,
                    },
                    Object {
                      "alias": undefined,
                      "arguments": Array [],
                      "directives": Array [],
                      "kind": "Field",
                      "name": Object {
                        "kind": "Name",
                        "value": "reason",
                      },
                      "selectionSet": undefined,
                    },
                    Object {
                      "alias": undefined,
                      "arguments": Array [],
                      "directives": Array [],
                      "kind": "Field",
                      "name": Object {
                        "kind": "Name",
                        "value": "message",
                      },
                      "selectionSet": undefined,
                    },
                  ],
                },
              },
            ],
          },
          "variableDefinitions": Array [
            Object {
              "defaultValue": undefined,
              "kind": "VariableDefinition",
              "type": Object {
                "kind": "NonNullType",
                "type": Object {
                  "kind": "NamedType",
                  "name": Object {
                    "kind": "Name",
                    "value": "String",
                  },
                },
              },
              "variable": Object {
                "kind": "Variable",
                "name": Object {
                  "kind": "Name",
                  "value": "username",
                },
              },
            },
            Object {
              "defaultValue": undefined,
              "kind": "VariableDefinition",
              "type": Object {
                "kind": "NonNullType",
                "type": Object {
                  "kind": "NamedType",
                  "name": Object {
                    "kind": "Name",
                    "value": "String",
                  },
                },
              },
              "variable": Object {
                "kind": "Variable",
                "name": Object {
                  "kind": "Name",
                  "value": "password",
                },
              },
            },
          ],
        },
      ],
      "kind": "Document",
      "loc": Object {
        "end": 181,
        "start": 0,
      },
    }
  }
  refetchQueries={
    Array [
      Object {
        "query": Object {
          "definitions": Array [
            Object {
              "directives": Array [],
              "kind": "OperationDefinition",
              "name": Object {
                "kind": "Name",
                "value": "CURRENT_USER_QUERY",
              },
              "operation": "query",
              "selectionSet": Object {
                "kind": "SelectionSet",
                "selections": Array [
                  Object {
                    "alias": undefined,
                    "arguments": Array [],
                    "directives": Array [],
                    "kind": "Field",
                    "name": Object {
                      "kind": "Name",
                      "value": "me",
                    },
                    "selectionSet": Object {
                      "kind": "SelectionSet",
                      "selections": Array [
                        Object {
                          "alias": undefined,
                          "arguments": Array [],
                          "directives": Array [],
                          "kind": "Field",
                          "name": Object {
                            "kind": "Name",
                            "value": "username",
                          },
                          "selectionSet": undefined,
                        },
                      ],
                    },
                  },
                ],
              },
              "variableDefinitions": Array [],
            },
          ],
          "kind": "Document",
          "loc": Object {
            "end": 64,
            "start": 0,
          },
        },
      },
    ]
  }
  variables={
    Object {
      "password": "",
      "username": "",
    }
  }
>
  <Component />
</Mutation>
`;
